// Jest Snapshot v1, https://goo.gl/fbAQLP

exports[`StoreLocator Should render without crashing 1`] = `
Array [
  <img
    alt="logo"
    src="images/wired-brain-coffee-logo.png"
  />,
  <div />,
  <img
    alt="none.png"
    src="images/none.png"
  />,
]
`;
